// Jest Snapshot v1, https://goo.gl/fbAQLP

exports[`should render ExpenseListItem correctly 1`] = `
<Link
  className="list__item"
  replace={false}
  to="/edit/1"
>
  <div>
    <h3
      className="list__item__title"
    >
      Gum
    </h3>
    <span
      className="list__item__sub-title"
    >
      December 31st, 1969
    </span>
  </div>
  <h3
    className="list__item__data"
  >
    $1.95
  </h3>
</Link>
`;
